
10/8/2026, 2:05:04 AM - ERROR: Download of “https://avellanastudio.com/xmlrpc.php?rsd”, referred from “/Users/chena/Downloads/us.sitesucker.mac.sitesucker-pro/avellanastudio.com/contact-us/index.html”, failed with error code -1005 (The network connection was lost.)
10/8/2026, 2:05:04 AM - ERROR: Download of “https://avellanastudio.com/xmlrpc.php?rsd”, referred from “/Users/chena/Downloads/us.sitesucker.mac.sitesucker-pro/avellanastudio.com/projects/rebranding-nuba-nueva-identidad/index.html”, failed with error code -1005 (The network connection was lost.)
10/8/2026, 2:05:04 AM - ERROR: Download of “https://avellanastudio.com/xmlrpc.php?rsd”, referred from “/Users/chena/Downloads/us.sitesucker.mac.sitesucker-pro/avellanastudio.com/merch/t-shirt-ss24/index.html”, failed with error code -1005 (The network connection was lost.)
10/8/2026, 2:05:04 AM - ERROR: Download of “https://avellanastudio.com/xmlrpc.php?rsd”, referred from “/Users/chena/Downloads/us.sitesucker.mac.sitesucker-pro/avellanastudio.com/projects/index.html”, failed with error code -1005 (The network connection was lost.)
10/8/2026, 2:05:04 AM - ERROR: Download of “https://avellanastudio.com/xmlrpc.php?rsd”, referred from “/Users/chena/Downloads/us.sitesucker.mac.sitesucker-pro/avellanastudio.com/magazine/index.html”, failed with error code -1005 (The network connection was lost.)
10/8/2026, 2:05:04 AM - ERROR: Download of “https://avellanastudio.com/xmlrpc.php?rsd”, referred from “/Users/chena/Downloads/us.sitesucker.mac.sitesucker-pro/avellanastudio.com/projects/nuba-book/index.html”, failed with error code -1005 (The network connection was lost.)
10/8/2026, 2:05:04 AM - ERROR: Download of “https://avellanastudio.com/xmlrpc.php?rsd”, referred from “/Users/chena/Downloads/us.sitesucker.mac.sitesucker-pro/avellanastudio.com/projects/koops/index.html”, failed with error code -1005 (The network connection was lost.)
10/8/2026, 2:05:04 AM - ERROR: Download of “https://avellanastudio.com/xmlrpc.php?rsd”, referred from “/Users/chena/Downloads/us.sitesucker.mac.sitesucker-pro/avellanastudio.com/projects/tba21/index.html”, failed with error code -1005 (The network connection was lost.)
10/8/2026, 2:05:04 AM - ERROR: Download of “https://avellanastudio.com/xmlrpc.php?rsd”, referred from “/Users/chena/Downloads/us.sitesucker.mac.sitesucker-pro/avellanastudio.com/equipo/index.html”, failed with error code -1005 (The network connection was lost.)
10/8/2026, 2:05:04 AM - ERROR: Download of “https://avellanastudio.com/xmlrpc.php?rsd”, referred from “/Users/chena/Downloads/us.sitesucker.mac.sitesucker-pro/avellanastudio.com/index.html”, failed with error code -1005 (The network connection was lost.)
10/8/2026, 2:05:04 AM - ERROR: Download of “https://avellanastudio.com/xmlrpc.php?rsd”, referred from “/Users/chena/Downloads/us.sitesucker.mac.sitesucker-pro/avellanastudio.com/projects/wired-wonders/index.html”, failed with error code -1005 (The network connection was lost.)
10/8/2026, 2:05:04 AM - ERROR: Download of “https://avellanastudio.com/xmlrpc.php?rsd”, referred from “/Users/chena/Downloads/us.sitesucker.mac.sitesucker-pro/avellanastudio.com/projects/healthy-wear/index.html”, failed with error code -1005 (The network connection was lost.)
10/8/2026, 2:05:04 AM - ERROR: Download of “https://avellanastudio.com/xmlrpc.php?rsd”, referred from “/Users/chena/Downloads/us.sitesucker.mac.sitesucker-pro/avellanastudio.com/projects/delirium/index.html”, failed with error code -1005 (The network connection was lost.)
10/8/2026, 2:05:04 AM - ERROR: Download of “https://avellanastudio.com/xmlrpc.php?rsd”, referred from “/Users/chena/Downloads/us.sitesucker.mac.sitesucker-pro/avellanastudio.com/projects/los-33/index.html”, failed with error code -1005 (The network connection was lost.)
10/8/2026, 2:05:04 AM - ERROR: Download of “https://avellanastudio.com/xmlrpc.php?rsd”, referred from “/Users/chena/Downloads/us.sitesucker.mac.sitesucker-pro/avellanastudio.com/politica-privacidad/index.html”, failed with error code -1005 (The network connection was lost.)
10/8/2026, 2:05:04 AM - ERROR: Download of “https://avellanastudio.com/xmlrpc.php?rsd”, referred from “/Users/chena/Downloads/us.sitesucker.mac.sitesucker-pro/avellanastudio.com/cookies/index.html”, failed with error code -1005 (The network connection was lost.)
10/8/2026, 2:05:04 AM - ERROR: Download of “https://avellanastudio.com/xmlrpc.php?rsd”, referred from “/Users/chena/Downloads/us.sitesucker.mac.sitesucker-pro/avellanastudio.com/aviso-legal/index.html”, failed with error code -1005 (The network connection was lost.)
10/8/2026, 2:05:05 AM - ERROR: Download of “https://avellanastudio.com/xmlrpc.php?rsd”, referred from “/Users/chena/Downloads/us.sitesucker.mac.sitesucker-pro/avellanastudio.com/projects/page/2/index.html”, failed with error code -1005 (The network connection was lost.)

---------------------

10/8/2026, 2:05:25 AM - ERROR: Download of “https://avellanastudio.com/xmlrpc.php?rsd”, referred from “/Users/chena/Downloads/us.sitesucker.mac.sitesucker-pro/avellanastudio.com/equipo/index.html”, failed with error code -1005 (The network connection was lost.)
10/8/2026, 2:05:25 AM - ERROR: Download of “https://avellanastudio.com/xmlrpc.php?rsd”, referred from “/Users/chena/Downloads/us.sitesucker.mac.sitesucker-pro/avellanastudio.com/index.html”, failed with error code -1005 (The network connection was lost.)
10/8/2026, 2:05:25 AM - ERROR: Download of “https://avellanastudio.com/xmlrpc.php?rsd”, referred from “/Users/chena/Downloads/us.sitesucker.mac.sitesucker-pro/avellanastudio.com/merch/t-shirt-ss24/index.html”, failed with error code -1005 (The network connection was lost.)
10/8/2026, 2:05:25 AM - ERROR: Download of “https://avellanastudio.com/xmlrpc.php?rsd”, referred from “/Users/chena/Downloads/us.sitesucker.mac.sitesucker-pro/avellanastudio.com/projects/index.html”, failed with error code -1005 (The network connection was lost.)
10/8/2026, 2:05:25 AM - ERROR: Download of “https://avellanastudio.com/xmlrpc.php?rsd”, referred from “/Users/chena/Downloads/us.sitesucker.mac.sitesucker-pro/avellanastudio.com/magazine/index.html”, failed with error code -1005 (The network connection was lost.)
10/8/2026, 2:05:25 AM - ERROR: Download of “https://avellanastudio.com/xmlrpc.php?rsd”, referred from “/Users/chena/Downloads/us.sitesucker.mac.sitesucker-pro/avellanastudio.com/contact-us/index.html”, failed with error code -1005 (The network connection was lost.)
10/8/2026, 2:05:25 AM - ERROR: Download of “https://avellanastudio.com/xmlrpc.php?rsd”, referred from “/Users/chena/Downloads/us.sitesucker.mac.sitesucker-pro/avellanastudio.com/projects/nuba-book/index.html”, failed with error code -1005 (The network connection was lost.)
10/8/2026, 2:05:25 AM - ERROR: Download of “https://avellanastudio.com/xmlrpc.php?rsd”, referred from “/Users/chena/Downloads/us.sitesucker.mac.sitesucker-pro/avellanastudio.com/projects/rebranding-nuba-nueva-identidad/index.html”, failed with error code -1005 (The network connection was lost.)
10/8/2026, 2:05:25 AM - ERROR: Download of “https://avellanastudio.com/xmlrpc.php?rsd”, referred from “/Users/chena/Downloads/us.sitesucker.mac.sitesucker-pro/avellanastudio.com/projects/tba21/index.html”, failed with error code -1005 (The network connection was lost.)
10/8/2026, 2:05:25 AM - ERROR: Download of “https://avellanastudio.com/xmlrpc.php?rsd”, referred from “/Users/chena/Downloads/us.sitesucker.mac.sitesucker-pro/avellanastudio.com/projects/koops/index.html”, failed with error code -1005 (The network connection was lost.)
10/8/2026, 2:05:25 AM - ERROR: Download of “https://avellanastudio.com/xmlrpc.php?rsd”, referred from “/Users/chena/Downloads/us.sitesucker.mac.sitesucker-pro/avellanastudio.com/projects/wired-wonders/index.html”, failed with error code -1005 (The network connection was lost.)
10/8/2026, 2:05:25 AM - ERROR: Download of “https://avellanastudio.com/xmlrpc.php?rsd”, referred from “/Users/chena/Downloads/us.sitesucker.mac.sitesucker-pro/avellanastudio.com/projects/healthy-wear/index.html”, failed with error code -1005 (The network connection was lost.)
10/8/2026, 2:05:25 AM - ERROR: Download of “https://avellanastudio.com/xmlrpc.php?rsd”, referred from “/Users/chena/Downloads/us.sitesucker.mac.sitesucker-pro/avellanastudio.com/projects/delirium/index.html”, failed with error code -1005 (The network connection was lost.)
10/8/2026, 2:05:25 AM - ERROR: Download of “https://avellanastudio.com/xmlrpc.php?rsd”, referred from “/Users/chena/Downloads/us.sitesucker.mac.sitesucker-pro/avellanastudio.com/projects/los-33/index.html”, failed with error code -1005 (The network connection was lost.)
10/8/2026, 2:05:25 AM - ERROR: Download of “https://avellanastudio.com/xmlrpc.php?rsd”, referred from “/Users/chena/Downloads/us.sitesucker.mac.sitesucker-pro/avellanastudio.com/politica-privacidad/index.html”, failed with error code -1005 (The network connection was lost.)
10/8/2026, 2:05:25 AM - ERROR: Download of “https://avellanastudio.com/xmlrpc.php?rsd”, referred from “/Users/chena/Downloads/us.sitesucker.mac.sitesucker-pro/avellanastudio.com/cookies/index.html”, failed with error code -1005 (The network connection was lost.)
10/8/2026, 2:05:25 AM - ERROR: Download of “https://avellanastudio.com/xmlrpc.php?rsd”, referred from “/Users/chena/Downloads/us.sitesucker.mac.sitesucker-pro/avellanastudio.com/aviso-legal/index.html”, failed with error code -1005 (The network connection was lost.)
10/8/2026, 2:05:25 AM - ERROR: Download of “https://avellanastudio.com/xmlrpc.php?rsd”, referred from “/Users/chena/Downloads/us.sitesucker.mac.sitesucker-pro/avellanastudio.com/projects/page/2/index.html”, failed with error code -1005 (The network connection was lost.)
10/8/2026, 2:06:07 AM - ERROR: Download of “https://avellanastudio.com/xmlrpc.php?rsd”, referred from “/Users/chena/Downloads/us.sitesucker.mac.sitesucker-pro/avellanastudio.com/projects/gea/index.html”, failed with error code -1005 (The network connection was lost.)
10/8/2026, 2:06:09 AM - ERROR: Download of “https://avellanastudio.com/xmlrpc.php?rsd”, referred from “/Users/chena/Downloads/us.sitesucker.mac.sitesucker-pro/avellanastudio.com/projects/requena-ciudad-del-vino/index.html”, failed with error code -1005 (The network connection was lost.)
10/8/2026, 2:06:12 AM - ERROR: Download of “https://avellanastudio.com/xmlrpc.php?rsd”, referred from “/Users/chena/Downloads/us.sitesucker.mac.sitesucker-pro/avellanastudio.com/projects/antonio-escohotado-cover-book-design/index.html”, failed with error code -1005 (The network connection was lost.)
10/8/2026, 2:06:16 AM - ERROR: Download of “https://avellanastudio.com/xmlrpc.php?rsd”, referred from “/Users/chena/Downloads/us.sitesucker.mac.sitesucker-pro/avellanastudio.com/projects/olivera/index.html”, failed with error code -1005 (The network connection was lost.)
10/8/2026, 2:06:22 AM - ERROR: Download of “https://avellanastudio.com/xmlrpc.php?rsd”, referred from “/Users/chena/Downloads/us.sitesucker.mac.sitesucker-pro/avellanastudio.com/projects/el-madrileno/index.html”, failed with error code -1005 (The network connection was lost.)
10/8/2026, 2:06:33 AM - ERROR: Download of “https://avellanastudio.com/xmlrpc.php?rsd”, referred from “/Users/chena/Downloads/us.sitesucker.mac.sitesucker-pro/avellanastudio.com/projects/qorte/index.html”, failed with error code -1005 (The network connection was lost.)
10/8/2026, 2:06:36 AM - ERROR: Download of “https://avellanastudio.com/xmlrpc.php?rsd”, referred from “/Users/chena/Downloads/us.sitesucker.mac.sitesucker-pro/avellanastudio.com/projects/natts/index.html”, failed with error code -1005 (The network connection was lost.)
10/8/2026, 2:06:52 AM - ERROR: Download of “https://avellanastudio.com/xmlrpc.php?rsd”, referred from “/Users/chena/Downloads/us.sitesucker.mac.sitesucker-pro/avellanastudio.com/projects/artai/index.html”, failed with error code -1005 (The network connection was lost.)
10/8/2026, 2:06:56 AM - ERROR: Download of “https://avellanastudio.com/xmlrpc.php?rsd”, referred from “/Users/chena/Downloads/us.sitesucker.mac.sitesucker-pro/avellanastudio.com/projects/txunas-2/index.html”, failed with error code -1005 (The network connection was lost.)

---------------------
